[36mvite v8.0.0 [32mbuilding client environment for production...[36m[39m
[2K
node.exe : 
At line:1 char:1
+ & "C:\Program 
Files\nodejs/node.exe" 
"C:\Program 
Files\nodejs/node_mo ...
+ ~~~~~~~~~~~~~~~~~~~~~~~~~~
~~~~~~~~~~~~~~~~~~~~~~~~~~~~
~~~~~~~~~~~~~~~
    + CategoryInfo          
    : NotSpecified: (:Stri  
  ng) [], RemoteException
    + FullyQualifiedErrorId 
    : NativeCommandError
 
/static/user_parchment.jpg 
referenced in 
/static/user_parchment.jpg 
didn't resolve at build 
time, it will remain 
unchanged to be resolved at 
runtime
transforming...Γ£ô 1780 modules transformed.
rendering chunks...
computing gzip size...
dist/index.html                   0.74 kB Γöé gzip:   0.40 kB
dist/assets/index-Dh-MJ9lG.css   28.91 kB Γöé gzip:   6.47 kB
dist/assets/index-Cci-i8QC.js   676.51 kB Γöé gzip: 205.22 kB

[32mΓ£ô built in 2.65s[39m
[33m[plugin 
builtin:vite-reporter] 
(!) Some chunks are larger 
than 500 kB after 
minification. Consider:
- Using dynamic import() to 
code-split the application
- Use build.rolldownOptions.
output.codeSplitting to 
improve chunking: https://ro
lldown.rs/reference/OutputOp
tions.codeSplitting
- Adjust chunk size limit 
for this warning via build.c
hunkSizeWarningLimit.[39m
